==> ./tests/inputs/empty.txt <==

==> ./tests/inputs/one.txt <==

==> ./tests/inputs/two.txt <==

==> ./tests/inputs/three.txt <==
Three

==> ./tests/inputs/twelve.txt <==
one
two
three
four
five
six
seven
eight
nine
ten
