==> ./tests/inputs/empty.txt <==

==> ./tests/inputs/one.txt <==
Ã–ne line, fo
==> ./tests/inputs/two.txt <==
Two lines.
Fo
==> ./tests/inputs/three.txt <==
Three
lines,
fo
==> ./tests/inputs/twelve.txt <==
one
two
three
four
five
six
seven
eight
nine
ten
elev