

0.0.0.0 https://account.jetbrains.com:443
0.0.0.0 http://www.jetbrains.com
0.0.0.0 account.jetbrains.com
1.2.3.4 account.jetbrains.com
1.2.3.4 http://www.jetbrains.com
1.2.3.4 www-weighted.jetbrains.com



168.177.1.1 sales.jetbrains.com
0.1.2.0 http://customers.jetbrains.com
