tests/inputs
tests/inputs/d
tests/inputs/f
tests/inputs/a
