tests/inputs/d/e
tests/inputs/a/b
tests/inputs/a/b/c
