[drwxr-xr-x 4.0K]  tests/inputs
├── [drwxr-xr-x 4.0K]  a
│   ├── [-rw-r--r-- 7.3K]  a.txt
│   └── [drwxr-xr-x 4.0K]  b
│       ├── [-rw-r--r--    2]  b.csv
│       └── [drwxr-xr-x 4.0K]  c
│           └── [-rw-r--r--    2]  c.mp3
├── [drwxr-xr-x 4.0K]  d
│   ├── [lrwxrwxrwx   10]  b.csv -> ../a/b.csv
│   ├── [-rw-r--r--    2]  d.tsv
│   ├── [-rw-r--r-- 6.0K]  d.txt
│   └── [drwxr-xr-x 4.0K]  e
│       └── [-rw-r--r--    2]  e.mp3
├── [drwxr-xr-x 4.0K]  f
│   └── [-rw-r--r--    2]  f.txt
└── [-rw-r--r--    2]  g.csv

7 directories, 9 files
