[       4096]  tests/inputs
├── [       4096]  a
│   ├── [       7443]  a.txt
│   └── [       4096]  b
│       ├── [          2]  b.csv
│       └── [       4096]  c
│           └── [          2]  c.mp3
├── [       4096]  d
│   ├── [         10]  b.csv -> ../a/b.csv
│   ├── [          2]  d.tsv
│   ├── [       6139]  d.txt
│   └── [       4096]  e
│       └── [          2]  e.mp3
├── [       4096]  f
│   └── [          2]  f.txt
└── [          2]  g.csv

7 directories, 9 files
