tests/inputs
├── a
│   └── b
├── d
│   └── e
└── f

6 directories
