tests/inputs
├── a
│   └── b
│       └── c
├── d
│   └── e
└── f

7 directories
