[4.0K]  tests/inputs
├── [4.0K]  a
│   └── [4.0K]  b
│       └── [4.0K]  c
├── [4.0K]  d
│   └── [4.0K]  e
└── [4.0K]  f

7 directories
