[4.0K]  tests/inputs
├── [4.0K]  a
│   └── [4.0K]  b
├── [4.0K]  d
│   ├── [  10]  b.csv -> ../a/b.csv
│   ├── [   2]  d.tsv
│   └── [4.0K]  e
├── [4.0K]  f
│   └── [   2]  f.txt
└── [   2]  g.csv

6 directories, 4 files
